error: generateToken is not defined - Dia: 19/5/2024 - Hora: 20:16:50
error: mailer is not defined - Dia: 19/5/2024 - Hora: 20:22:40
error: ERROR: email vacío - Dia: 19/5/2024 - Hora: 21:34:38
error: TokenExpiredError: jwt expired - Dia: 19/5/2024 - Hora: 22:23:30
error: Error en resetUserPasswordToken: TokenExpiredError: jwt expired - Dia: 19/5/2024 - Hora: 22:24:33
error: Error en resetUserPasswordToken: TokenExpiredError: jwt expired - Dia: 19/5/2024 - Hora: 23:47:53
error: Error en changePassword: ReferenceError: validateToken is not defined - Dia: 19/5/2024 - Hora: 23:57:40
error: Error en changePassword: ReferenceError: validateToken is not defined - Dia: 19/5/2024 - Hora: 23:57:45
error: Error en changePassword: JsonWebTokenError: jwt must be a string - Dia: 19/5/2024 - Hora: 23:58:40
error: Error [ERR_HTTP_HEADERS_SENT]: Cannot set headers after they are sent to the client - Dia: 20/5/2024 - Hora: 00:11:48
error: ERROR: El Password ingresado es igual al password actual - Dia: 20/5/2024 - Hora: 00:49:05
error: ERROR: El Password ingresado es igual al password actual - Dia: 20/5/2024 - Hora: 00:49:11
error: Error: El usuario no es el owner del producto y no tiene privilegios suficientes para realizar la operación - Dia: 20/5/2024 - Hora: 02:24:55
error: Error: El usuario no es el owner del producto y no tiene privilegios suficientes para realizar la operación - Dia: 20/5/2024 - Hora: 02:25:12
error: Error actualizando un Producto: ERROR: No hay ningún usuario logueado en la sesión - Dia: 20/5/2024 - Hora: 02:36:12
error: Error actualizando un Producto: ERROR: No hay ningún usuario logueado en la sesión - Dia: 20/5/2024 - Hora: 02:39:50
error: Error actualizando un Producto: ERROR: No hay ningún usuario logueado en la sesión - Dia: 20/5/2024 - Hora: 02:40:31
error: Error actualizando un Producto: ERROR: El usuario no es el owner del producto y no tiene privilegios suficientes para realizar la operación - Dia: 20/5/2024 - Hora: 02:43:06
error: Error actualizando un Producto: ERROR: El usuario no es el owner del producto y no tiene privilegios suficientes para realizar la operación - Dia: 20/5/2024 - Hora: 02:43:52
error: Error eliminando un Producto: ERROR: El usuario no es el owner del producto y no tiene privilegios suficientes para realizar la operación - Dia: 20/5/2024 - Hora: 02:51:38
error: Error actualizando un Producto: ERROR: El usuario no es el owner del producto y no tiene privilegios suficientes para realizar la operación - Dia: 20/5/2024 - Hora: 02:51:49
error: Error eliminando un Producto: ERROR: El usuario no es el owner del producto y no tiene privilegios suficientes para realizar la operación - Dia: 20/5/2024 - Hora: 02:51:54
error: Error actualizando un Producto: ERROR: El usuario no es el owner del producto y no tiene privilegios suficientes para realizar la operación - Dia: 20/5/2024 - Hora: 02:52:13
error: Error agregando un Producto a el Carrito: ERROR: El usuario es el owner del producto y no puede agregarlo al carrito - Dia: 20/5/2024 - Hora: 03:11:42
error: Error agregando un Producto a el Carrito: ERROR: El usuario es el owner del producto y no puede agregarlo al carrito - Dia: 20/5/2024 - Hora: 03:11:50
error: Error agregando un Producto a el Carrito: ERROR: El usuario es el owner del producto y no puede agregarlo al carrito - Dia: 20/5/2024 - Hora: 03:25:40
error: ERROR: El Password ingresado es igual al password actual - Dia: 20/5/2024 - Hora: 04:55:23
error: Error en resetUserPasswordToken: TokenExpiredError: jwt expired - Dia: 20/5/2024 - Hora: 04:55:43
